772.810518
111.124606
12.461080
1.739386
0.265857
0.044769
0.009964
0.002844
0.000818
0.000241
0.000071
0.000021
