386.405259
27.781151
1.557635
0.108712
0.008308
0.000700
0.000078
0.000011
