1932.026296
694.528787
194.704380
67.944776
25.962583
10.929854
6.081246
4.339966
3.119589
2.299964
1.694932
1.259252
0.936285
0.698723
0.520795
0.388843
0.290081
0.216589
0.161577
0.120644
0.090002
0.067203
0.050135
0.037435
0.027928
0.020854
0.015558
0.011617
0.008667
0.006472
0.004829
0.003606
0.002690
0.002009
0.001499
0.001119
0.000835
0.000624
0.000465
0.000347
0.000259
0.000194
0.000144
0.000108
0.000080
0.000060
0.000045
