230.568058
34.532489
3.905873
0.632931
0.119743
0.031256
0.008603
0.002457
0.000713
0.000210
0.000061
0.000018
