384.280096
95.923580
18.082743
4.883726
1.539902
0.669930
0.307306
0.146257
0.070762
0.034667
0.016946
0.008368
0.004118
0.002047
0.001009
0.000502
0.000248
0.000123
0.000061
0.000030
0.000015
