115.284029
8.633122
0.488234
0.039558
0.003742
0.000488
0.000067
0.000010
