576.420144
215.828056
61.029258
24.723861
11.693633
7.630916
5.250611
3.748409
2.720317
1.999072
1.465781
1.085656
0.801455
0.597477
0.441994
0.329813
0.244121
0.182306
0.135053
0.100965
0.074866
0.055975
0.041519
0.031045
0.023034
0.017225
0.012784
0.009561
0.007098
0.005309
0.003942
0.002949
0.002190
0.001638
0.001217
0.000911
0.000677
0.000506
0.000376
0.000282
0.000209
0.000157
0.000117
0.000087
0.000065
0.000049
0.000036
0.000027
0.000020
