3859.912636
2200.730943
842.864896
263.640384
93.040950
57.002013
41.045120
32.200272
26.106008
21.295390
17.550099
14.552876
12.120728
10.142922
8.496995
7.148434
6.009528
5.067388
4.267996
3.603933
3.041472
2.578639
2.182712
1.850979
1.566914
1.328832
1.124984
0.954089
0.807781
0.685096
0.580072
0.491987
0.416589
0.353339
0.299204
0.253784
0.214912
0.182293
0.154378
0.130950
0.110902
0.094074
0.079675
0.067587
0.057245
0.048561
0.041131
0.034893
0.029556
0.025073
0.021239
0.018018
0.015263
0.012949
0.010970
0.009307
0.007884
0.006689
0.005667
0.004808
0.004074
0.003456
0.002928
0.002485
0.002105
0.001786
0.001514
0.001284
0.001088
0.000923
0.000782
0.000664
0.000563
0.000477
0.000405
0.000343
0.000291
0.000247
0.000209
0.000178
0.000151
0.000128
0.000108
0.000092
0.000078
0.000066
0.000056
0.000048
0.000040
0.000034
0.000029
