238224.261826
108058.105319
47186.973152
21404.146941
10948.407103
6245.286160
3839.515976
2442.712267
1605.564300
1093.455246
756.303457
528.928032
373.800543
266.651533
191.021804
137.588049
99.400358
72.104924
52.419776
38.215706
27.908937
20.425421
14.965844
10.984808
8.068474
5.937275
4.372093
3.224358
2.378924
1.757109
1.298021
0.959809
0.709806
0.525426
0.388945
0.288172
0.213478
0.158281
0.117356
0.087079
0.064613
0.047981
0.035628
0.026477
0.019677
0.014632
0.010879
0.008093
0.006020
0.004481
0.003335
0.002483
0.001848
0.001377
0.001025
0.000764
0.000569
0.000424
0.000316
