47644.852365
4322.324213
377.495785
34.246635
3.503490
0.399698
0.049146
0.006253
0.000822
