95289.704730
17289.296851
3019.966282
547.946162
112.111689
25.580692
6.290663
1.600856
0.420889
0.114657
0.031722
0.008874
0.002509
0.000716
