3481.426870
1032.437013
278.830989
75.406614
26.142226
10.077020
4.152997
1.813884
0.796107
0.369219
0.168538
0.080138
0.037070
0.017873
0.008350
0.004062
0.001912
0.000938
0.000446
0.000219
0.000105
