5222.140304
2322.983280
941.054588
381.745982
198.517530
114.783561
70.957841
46.487868
30.605033
21.291007
14.578157
10.397600
7.214533
5.217609
3.656199
2.667932
1.884268
1.386445
0.988362
0.729352
0.522700
0.386518
0.278336
0.206259
0.149486
0.110996
0.080727
0.059977
0.043734
0.032510
0.023764
0.017676
0.012948
0.009635
0.007072
0.005264
0.003871
0.002883
0.002123
0.001581
0.001166
0.000869
0.000642
0.000479
0.000354
0.000265
0.000196
0.000147
0.000109
0.000081
0.000060
