1044.428061
92.919331
7.528437
0.610794
0.063526
0.007346
0.000908
0.000119
