2088.856122
371.677325
60.227494
9.772697
2.032820
0.470153
0.116257
0.030466
0.008023
0.002233
0.000611
0.000174
0.000048
