162.546409
11.228724
0.469779
0.021777
0.001273
0.000074
