325.092817
44.914896
3.758234
0.348430
0.040740
0.004729
0.000476
0.000069
0.000010
