812.732043
280.718103
58.722406
13.610535
3.978514
1.154475
0.290243
0.105054
0.036249
0.024896
0.009586
0.006450
0.002454
0.001712
0.000655
0.000466
0.000182
0.000129
0.000051
0.000036
