1029.460588
450.396600
119.341328
35.036810
12.972767
4.768244
1.518439
0.696166
0.304266
0.264703
0.129096
0.110027
0.053032
0.046865
0.022717
0.020468
0.010101
0.009111
0.004543
0.004095
0.002045
0.001840
0.000921
0.000827
0.000414
0.000372
0.000186
0.000167
0.000084
0.000075
0.000038
0.000034
