3405.805267
1713.371842
579.008554
159.801660
49.760625
26.899501
17.090623
11.830368
8.462945
6.091286
4.429404
3.240835
2.381656
1.758554
1.299872
0.964913
0.715748
0.532533
0.395757
0.294865
0.219570
0.164256
0.122679
0.091795
0.068565
0.051306
0.038326
0.028680
0.021425
0.016033
0.011978
0.008964
0.006697
0.005012
0.003745
0.002803
0.002094
0.001567
0.001171
0.000877
0.000655
0.000490
0.000366
0.000274
0.000205
0.000153
0.000115
0.000086
0.000064
0.000048
0.000036
0.000027
