2270.536845
761.498596
171.558090
31.565760
6.552839
2.361547
1.000274
0.461603
0.220141
0.105632
0.051208
0.024978
0.012238
0.006024
0.002968
0.001469
0.000726
0.000360
0.000179
0.000089
0.000044
0.000022
