681.161053
68.534874
4.632068
0.255683
0.015923
0.001722
0.000219
0.000030
