0.141177
0.141177
0.094118
0.094118
0.094118
0.094118
0.094118
0.094118
0.076471
0.076471
