130922.290131
61326.335460
31893.514779
16112.311986
8389.262761
4780.923426
2989.108485
1861.248106
1221.874984
812.242508
553.661917
382.118141
268.810819
189.086281
134.697713
96.157919
69.003577
49.668289
35.984847
26.089884
18.981427
13.807963
10.064499
7.341966
5.365046
3.919569
2.868802
2.100036
1.538691
1.128317
0.828092
0.607719
0.446405
0.328005
0.241171
0.177472
0.130646
0.096185
0.070841
0.052191
0.038450
0.028341
0.020889
0.015401
0.011356
0.008377
0.006178
0.004559
0.003364
0.002483
0.001832
0.001353
0.000999
0.000738
0.000545
0.000402
