52368.916052
9812.213674
2041.184946
412.475187
85.906051
19.582662
4.897355
1.219788
0.320307
0.085170
0.023222
0.006411
0.001804
0.000508
0.000145
