8728.152675
272.561491
9.449930
0.318268
0.011048
0.000420
