148378.595482
78770.270879
46427.507589
26582.052531
15685.996321
10131.127053
7178.691887
5066.004455
3769.170075
2839.633802
2193.708601
1715.890634
1368.032308
1090.604521
880.491476
712.373330
579.364476
472.625474
388.074617
318.878619
262.929768
216.769500
179.068171
148.045868
122.606920
101.516704
84.208787
69.862041
58.012778
48.212630
40.102004
33.354009
27.767176
23.122825
19.268294
16.069623
13.406993
11.186560
9.337635
7.796571
6.509706
5.438006
4.542497
3.795641
3.171989
2.651743
2.216387
1.853747
1.550048
1.296638
1.084640
0.907611
0.759296
0.635605
0.531877
0.445301
0.372762
0.312160
0.261353
0.218948
0.183350
0.153624
0.128687
0.107840
0.090347
0.075741
0.063467
0.053215
0.044603
0.037404
0.031354
0.026301
0.022050
0.018498
0.015512
0.013015
0.010915
0.009161
0.007683
0.006449
0.005410
0.004542
0.003811
0.003200
0.002686
0.002256
0.001893
0.001590
0.001335
0.001122
0.000942
0.000792
0.000665
0.000559
0.000469
0.000395
