0.075772
0.075772
0.075772
0.075772
0.075772
0.075772
0.075772
0.469594
