0.107686
0.218026
0.159032
0.096085
0.021888
0.048616
0.040098
0.013623
0.040098
0.013623
0.013623
0.048363
0.013623
0.013623
0.013623
0.015939
0.064868
0.057563
