0.157225
0.356463
0.579760
0.307514
0.163011
0.270485
0.128053
0.000000
0.198008
0.000000
0.000000
0.291065
0.000000
0.000000
0.000000
0.322799
0.073904
0.078353
0.248333
0.296386
0.537358
0.122412
0.076925
0.287562
0.390490
0.215084
0.197337
0.215084
0.084945
0.084945
0.084945
0.073283
0.073283
0.310129
0.293553
0.000000
0.144123
0.018672
