0.089374
0.198877
0.140997
0.070095
0.042494
0.042669
0.029450
0.008320
0.056371
0.008320
0.008320
0.063624
0.008320
0.008320
0.008320
0.126684
0.009498
0.041868
0.038082
