0.197960
0.526694
0.595271
0.351336
0.108450
0.295932
0.144997
0.000000
0.144997
0.000000
0.000000
0.253447
0.000000
0.000000
0.000000
0.000000
0.398297
0.536352
0.195904
0.000000
0.383318
0.401151
0.160928
0.160928
0.160928
0.142386
0.142386
0.142386
0.142386
0.094983
0.094983
0.174987
