0.126036
0.231615
0.191443
0.115546
0.029299
0.060006
0.044672
0.016548
0.044672
0.016548
0.016548
0.057424
0.016548
0.016548
0.016548
