0.308778
0.196447
0.091131
0.030913
0.074111
0.058908
0.015164
0.058908
0.015164
0.015164
0.074656
0.015164
0.015164
0.015164
0.015164
