0.495382
0.608216
0.279821
0.140172
0.361404
0.171611
0.000000
0.171611
0.000000
0.000000
0.311783
0.000000
0.000000
0.000000
0.000000
0.571689
0.148704
0.000000
0.439770
0.466951
0.182577
0.182577
0.182577
0.148704
0.148704
0.148704
0.148704
0.083999
0.083999
0.192488
