# Directed graph (each unordered pair of nodes is saved once):
# Example generated by webparser.py
# Nodes: 18 Edges: 34 
# FromNodeId	ToNodeId
1	4
1	2
1	3
2	4
2	1
2	6
2	7
2	9
2	12
2	3
3	1
3	2
5	6
5	2
5	3
6	18
6	5
6	12
7	3
8	18
8	3
9	3
10	2
11	2
12	2
13	4
14	4
15	18
15	16
15	4
15	6
15	17
17	18
18	17
