1865.650080
850.496643
259.317116
74.355380
27.052635
13.829888
8.018024
5.058911
3.483114
2.371092
1.684933
1.192643
0.862902
0.624571
0.459884
0.337135
0.250269
0.185823
0.138246
0.102898
0.076657
0.057104
0.042555
0.031714
0.023640
0.017629
0.013145
0.009807
0.007313
0.005456
0.004069
0.003036
0.002264
0.001689
0.001260
0.000940
0.000701
0.000523
0.000390
0.000291
0.000217
0.000162
0.000121
0.000090
0.000067
0.000050
