373.130016
34.019866
2.074537
0.118969
0.008657
0.000885
0.000103
