1243.766720
377.998508
76.834701
14.687483
3.562487
1.214147
0.469276
0.197391
0.090604
0.041118
0.019480
0.009192
0.004434
0.002139
0.001050
0.000513
0.000254
0.000126
0.000062
