1350.031701
539.870169
162.478628
71.085324
37.615939
25.401906
17.536076
12.590175
9.007011
6.579554
4.737877
3.473619
2.514542
1.849074
1.343850
0.990609
0.722625
0.534553
0.391073
0.289780
0.212495
0.157690
0.115878
0.086101
0.063396
0.047156
0.034785
0.025897
0.019136
0.014257
0.010550
0.007866
0.005829
0.004348
0.003226
0.002407
0.001788
0.001335
0.000992
0.000741
0.000552
0.000412
0.000307
0.000229
0.000171
0.000128
0.000095
0.000071
0.000053
0.000040
0.000030
0.000022
