357.526554
30.787465
2.193694
0.136659
0.012048
0.001421
0.000182
0.000025
