1191.755181
342.082943
81.247943
16.871426
4.958003
1.949420
0.831244
0.380061
0.172253
0.080259
0.036898
0.017362
0.008065
0.003816
0.001789
0.000848
0.000400
0.000191
0.000090
0.000043
