2025.983808
988.619707
399.171144
140.911839
70.396557
47.054269
34.109171
26.512150
20.427129
16.180214
12.645729
10.115388
7.988336
6.426122
5.120304
4.128861
3.312592
2.682044
2.162999
1.755048
1.419580
1.154480
0.936527
0.763463
0.621118
0.507595
0.414135
0.339298
0.277606
0.228020
0.187077
0.154051
0.126733
0.104625
0.086308
0.071426
0.059070
0.049000
0.040619
0.033770
0.028102
0.023624
0.019903
0.016801
0.014166
0.011964
0.010093
0.008528
0.007198
0.006084
0.005137
0.004344
0.003670
0.003104
0.002623
0.002219
0.001876
0.001588
0.001343
0.001137
0.000962
0.000814
0.000689
0.000584
0.000494
0.000418
0.000354
0.000300
0.000254
0.000215
0.000182
0.000155
0.000131
0.000111
0.000094
0.000080
0.000068
0.000057
0.000049
0.000041
0.000035
0.000030
0.000025
0.000021
