715.053109
123.149860
17.549556
2.186537
0.385534
0.090952
0.023270
0.006384
0.001736
0.000485
0.000134
0.000038
