1787.632772
769.686623
274.211808
85.411595
37.649837
22.205117
14.202589
9.740554
6.621988
4.628152
3.191608
2.252634
1.569664
1.114145
0.783305
0.557324
0.394537
0.281856
0.200568
0.143594
0.102482
0.073539
0.052637
0.037862
0.027179
0.019598
0.014109
0.010199
0.007363
0.005336
0.003863
0.002807
0.002037
0.001484
0.001080
0.000789
0.000576
0.000421
0.000308
0.000226
0.000166
0.000123
0.000092
0.000068
0.000051
0.000038
0.000028
0.000021
